[1.390s] DEBUG:colcon:Command line arguments: ['/usr/bin/colcon', 'build']
[1.391s] DEBUG:colcon:Parsed command line arguments: Namespace(log_base=None, log_level=None, verb_name='build', build_base='build', install_base='install', merge_install=False, symlink_install=False, test_result_base=None, continue_on_error=False, executor='parallel', parallel_workers=8, event_handlers=None, ignore_user_meta=False, metas=['./colcon.meta'], base_paths=['.'], packages_ignore=None, packages_ignore_regex=None, paths=None, packages_up_to=None, packages_up_to_regex=None, packages_above=None, packages_above_and_dependencies=None, packages_above_depth=None, packages_select_by_dep=None, packages_skip_by_dep=None, packages_skip_up_to=None, packages_select_build_failed=False, packages_skip_build_finished=False, packages_select_test_failures=False, packages_skip_test_passed=False, packages_select=None, packages_skip=None, packages_select_regex=None, packages_skip_regex=None, packages_start=None, packages_end=None, allow_overriding=[], cmake_args=None, cmake_target=None, cmake_target_skip_unavailable=False, cmake_clean_cache=False, cmake_clean_first=False, cmake_force_configure=False, ament_cmake_args=None, catkin_cmake_args=None, catkin_skip_building_tests=False, verb_parser=<colcon_defaults.argument_parser.defaults.DefaultArgumentsDecorator object at 0x758340670d30>, verb_extension=<colcon_core.verb.build.BuildVerb object at 0x758340670730>, main=<bound method BuildVerb.main of <colcon_core.verb.build.BuildVerb object at 0x758340670730>>)
[2.485s] Level 1:colcon.colcon_core.package_discovery:discover_packages(colcon_meta) check parameters
[2.486s] Level 1:colcon.colcon_core.package_discovery:discover_packages(recursive) check parameters
[2.486s] Level 1:colcon.colcon_core.package_discovery:discover_packages(ignore) check parameters
[2.486s] Level 1:colcon.colcon_core.package_discovery:discover_packages(path) check parameters
[2.486s] Level 1:colcon.colcon_core.package_discovery:discover_packages(colcon_meta) discover
[2.486s] Level 1:colcon.colcon_core.package_discovery:discover_packages(recursive) discover
[2.487s] INFO:colcon.colcon_core.package_discovery:Crawling recursively for packages in '/home/hp/MohammedNamir_Final_Test/q1/src'
[2.487s] Level 1:colcon.colcon_core.package_identification:_identify(.) by extensions ['ignore', 'ignore_ament_install']
[2.487s] Level 1:colcon.colcon_core.package_identification:_identify(.) by extension 'ignore'
[2.488s] Level 1:colcon.colcon_core.package_identification:_identify(.) by extension 'ignore_ament_install'
[2.488s] Level 1:colcon.colcon_core.package_identification:_identify(.) by extensions ['colcon_pkg']
[2.488s] Level 1:colcon.colcon_core.package_identification:_identify(.) by extension 'colcon_pkg'
[2.488s] Level 1:colcon.colcon_core.package_identification:_identify(.) by extensions ['colcon_meta']
[2.488s] Level 1:colcon.colcon_core.package_identification:_identify(.) by extension 'colcon_meta'
[2.488s] Level 1:colcon.colcon_core.package_identification:_identify(.) by extensions ['ros']
[2.489s] Level 1:colcon.colcon_core.package_identification:_identify(.) by extension 'ros'
[2.540s] Level 1:colcon.colcon_core.package_identification:_identify(.) by extensions ['cmake', 'python']
[2.540s] Level 1:colcon.colcon_core.package_identification:_identify(.) by extension 'cmake'
[2.540s] Level 1:colcon.colcon_core.package_identification:_identify(.) by extension 'python'
[2.540s] Level 1:colcon.colcon_core.package_identification:_identify(.) by extensions ['python_setup_py']
[2.541s] Level 1:colcon.colcon_core.package_identification:_identify(.) by extension 'python_setup_py'
[2.541s] Level 1:colcon.colcon_core.package_identification:_identify(arucop) by extensions ['ignore', 'ignore_ament_install']
[2.541s] Level 1:colcon.colcon_core.package_identification:_identify(arucop) by extension 'ignore'
[2.542s] Level 1:colcon.colcon_core.package_identification:_identify(arucop) by extension 'ignore_ament_install'
[2.542s] Level 1:colcon.colcon_core.package_identification:_identify(arucop) by extensions ['colcon_pkg']
[2.542s] Level 1:colcon.colcon_core.package_identification:_identify(arucop) by extension 'colcon_pkg'
[2.542s] Level 1:colcon.colcon_core.package_identification:_identify(arucop) by extensions ['colcon_meta']
[2.542s] Level 1:colcon.colcon_core.package_identification:_identify(arucop) by extension 'colcon_meta'
[2.542s] Level 1:colcon.colcon_core.package_identification:_identify(arucop) by extensions ['ros']
[2.543s] Level 1:colcon.colcon_core.package_identification:_identify(arucop) by extension 'ros'
[2.555s] DEBUG:colcon.colcon_core.package_identification:Package 'arucop' with type 'ros.ament_python' and name 'arucop'
[2.555s] Level 1:colcon.colcon_core.package_identification:_identify(build) by extensions ['ignore', 'ignore_ament_install']
[2.556s] Level 1:colcon.colcon_core.package_identification:_identify(build) by extension 'ignore'
[2.556s] Level 1:colcon.colcon_core.package_identification:_identify(build) ignored
[2.556s] Level 1:colcon.colcon_core.package_identification:_identify(install) by extensions ['ignore', 'ignore_ament_install']
[2.557s] Level 1:colcon.colcon_core.package_identification:_identify(install) by extension 'ignore'
[2.557s] Level 1:colcon.colcon_core.package_identification:_identify(install) ignored
[2.557s] Level 1:colcon.colcon_core.package_identification:_identify(log) by extensions ['ignore', 'ignore_ament_install']
[2.558s] Level 1:colcon.colcon_core.package_identification:_identify(log) by extension 'ignore'
[2.558s] Level 1:colcon.colcon_core.package_identification:_identify(log) ignored
[2.558s] Level 1:colcon.colcon_core.package_discovery:discover_packages(recursive) using defaults
[2.558s] Level 1:colcon.colcon_core.package_discovery:discover_packages(ignore) discover
[2.558s] Level 1:colcon.colcon_core.package_discovery:discover_packages(ignore) using defaults
[2.558s] Level 1:colcon.colcon_core.package_discovery:discover_packages(path) discover
[2.558s] Level 1:colcon.colcon_core.package_discovery:discover_packages(path) using defaults
[2.709s] Level 1:colcon.colcon_core.package_discovery:discover_packages(prefix_path) check parameters
[2.709s] Level 1:colcon.colcon_core.package_discovery:discover_packages(prefix_path) discover
[2.732s] DEBUG:colcon.colcon_installed_package_information.package_discovery:Found 439 installed packages in /opt/ros/humble
[2.741s] Level 1:colcon.colcon_core.package_discovery:discover_packages(prefix_path) using defaults
[3.162s] Level 5:colcon.colcon_core.verb:set package 'arucop' build argument 'cmake_args' from command line to 'None'
[3.162s] Level 5:colcon.colcon_core.verb:set package 'arucop' build argument 'cmake_target' from command line to 'None'
[3.162s] Level 5:colcon.colcon_core.verb:set package 'arucop' build argument 'cmake_target_skip_unavailable' from command line to 'False'
[3.162s] Level 5:colcon.colcon_core.verb:set package 'arucop' build argument 'cmake_clean_cache' from command line to 'False'
[3.163s] Level 5:colcon.colcon_core.verb:set package 'arucop' build argument 'cmake_clean_first' from command line to 'False'
[3.163s] Level 5:colcon.colcon_core.verb:set package 'arucop' build argument 'cmake_force_configure' from command line to 'False'
[3.163s] Level 5:colcon.colcon_core.verb:set package 'arucop' build argument 'ament_cmake_args' from command line to 'None'
[3.163s] Level 5:colcon.colcon_core.verb:set package 'arucop' build argument 'catkin_cmake_args' from command line to 'None'
[3.163s] Level 5:colcon.colcon_core.verb:set package 'arucop' build argument 'catkin_skip_building_tests' from command line to 'False'
[3.163s] DEBUG:colcon.colcon_core.verb:Building package 'arucop' with the following arguments: {'ament_cmake_args': None, 'build_base': '/home/hp/MohammedNamir_Final_Test/q1/src/build/arucop', 'catkin_cmake_args': None, 'catkin_skip_building_tests': False, 'cmake_args': None, 'cmake_clean_cache': False, 'cmake_clean_first': False, 'cmake_force_configure': False, 'cmake_target': None, 'cmake_target_skip_unavailable': False, 'install_base': '/home/hp/MohammedNamir_Final_Test/q1/src/install/arucop', 'merge_install': False, 'path': '/home/hp/MohammedNamir_Final_Test/q1/src/arucop', 'symlink_install': False, 'test_result_base': None}
[3.164s] INFO:colcon.colcon_core.executor:Executing jobs using 'parallel' executor
[3.167s] DEBUG:colcon.colcon_parallel_executor.executor.parallel:run_until_complete
[3.167s] INFO:colcon.colcon_ros.task.ament_python.build:Building ROS package in '/home/hp/MohammedNamir_Final_Test/q1/src/arucop' with build type 'ament_python'
[3.168s] Level 1:colcon.colcon_core.shell:create_environment_hook('arucop', 'ament_prefix_path')
[3.183s] INFO:colcon.colcon_core.plugin_system:Skipping extension 'colcon_core.shell.bat': Not used on non-Windows systems
[3.183s] INFO:colcon.colcon_core.shell:Creating environment hook '/home/hp/MohammedNamir_Final_Test/q1/src/install/arucop/share/arucop/hook/ament_prefix_path.ps1'
[3.186s] INFO:colcon.colcon_core.shell:Creating environment descriptor '/home/hp/MohammedNamir_Final_Test/q1/src/install/arucop/share/arucop/hook/ament_prefix_path.dsv'
[3.188s] INFO:colcon.colcon_core.shell:Creating environment hook '/home/hp/MohammedNamir_Final_Test/q1/src/install/arucop/share/arucop/hook/ament_prefix_path.sh'
[3.192s] INFO:colcon.colcon_core.shell:Skip shell extension 'powershell' for command environment: Not usable outside of PowerShell
[3.192s] DEBUG:colcon.colcon_core.shell:Skip shell extension 'dsv' for command environment
[4.344s] INFO:colcon.colcon_core.task.python.build:Building Python package in '/home/hp/MohammedNamir_Final_Test/q1/src/arucop'
[4.345s] INFO:colcon.colcon_core.shell:Skip shell extension 'powershell' for command environment: Not usable outside of PowerShell
[4.345s] DEBUG:colcon.colcon_core.shell:Skip shell extension 'dsv' for command environment
[5.995s] DEBUG:colcon.colcon_core.event_handler.log_command:Invoking command in '/home/hp/MohammedNamir_Final_Test/q1/src/arucop': PYTHONPATH=/home/hp/MohammedNamir_Final_Test/q1/src/build/arucop/prefix_override:/usr/lib/python3/dist-packages/colcon_core/task/python/colcon_distutils_commands:/home/hp/MohammedNamir_Final_Test/q1/src/install/arucop/lib/python3.10/site-packages:${PYTHONPATH} /usr/bin/python3 -W ignore:setup.py install is deprecated -W ignore:easy_install command is deprecated setup.py egg_info --egg-base ../build/arucop build --build-base /home/hp/MohammedNamir_Final_Test/q1/src/build/arucop/build install --record /home/hp/MohammedNamir_Final_Test/q1/src/build/arucop/install.log --single-version-externally-managed install_data
[7.231s] DEBUG:colcon.colcon_core.event_handler.log_command:Invoked command in '/home/hp/MohammedNamir_Final_Test/q1/src/arucop' returned '0': PYTHONPATH=/home/hp/MohammedNamir_Final_Test/q1/src/build/arucop/prefix_override:/usr/lib/python3/dist-packages/colcon_core/task/python/colcon_distutils_commands:/home/hp/MohammedNamir_Final_Test/q1/src/install/arucop/lib/python3.10/site-packages:${PYTHONPATH} /usr/bin/python3 -W ignore:setup.py install is deprecated -W ignore:easy_install command is deprecated setup.py egg_info --egg-base ../build/arucop build --build-base /home/hp/MohammedNamir_Final_Test/q1/src/build/arucop/build install --record /home/hp/MohammedNamir_Final_Test/q1/src/build/arucop/install.log --single-version-externally-managed install_data
[7.245s] Level 1:colcon.colcon_core.environment:checking '/home/hp/MohammedNamir_Final_Test/q1/src/install/arucop' for CMake module files
[7.246s] Level 1:colcon.colcon_core.environment:checking '/home/hp/MohammedNamir_Final_Test/q1/src/install/arucop' for CMake config files
[7.248s] Level 1:colcon.colcon_core.environment:checking '/home/hp/MohammedNamir_Final_Test/q1/src/install/arucop/lib'
[7.248s] Level 1:colcon.colcon_core.environment:checking '/home/hp/MohammedNamir_Final_Test/q1/src/install/arucop/bin'
[7.249s] Level 1:colcon.colcon_core.environment:checking '/home/hp/MohammedNamir_Final_Test/q1/src/install/arucop/lib/pkgconfig/arucop.pc'
[7.249s] Level 1:colcon.colcon_core.environment:checking '/home/hp/MohammedNamir_Final_Test/q1/src/install/arucop/lib/python3.10/site-packages'
[7.250s] Level 1:colcon.colcon_core.shell:create_environment_hook('arucop', 'pythonpath')
[7.250s] INFO:colcon.colcon_core.shell:Creating environment hook '/home/hp/MohammedNamir_Final_Test/q1/src/install/arucop/share/arucop/hook/pythonpath.ps1'
[7.252s] INFO:colcon.colcon_core.shell:Creating environment descriptor '/home/hp/MohammedNamir_Final_Test/q1/src/install/arucop/share/arucop/hook/pythonpath.dsv'
[7.253s] INFO:colcon.colcon_core.shell:Creating environment hook '/home/hp/MohammedNamir_Final_Test/q1/src/install/arucop/share/arucop/hook/pythonpath.sh'
[7.255s] Level 1:colcon.colcon_core.environment:checking '/home/hp/MohammedNamir_Final_Test/q1/src/install/arucop/bin'
[7.255s] Level 1:colcon.colcon_core.environment:create_environment_scripts_only(arucop)
[7.256s] INFO:colcon.colcon_core.shell:Creating package script '/home/hp/MohammedNamir_Final_Test/q1/src/install/arucop/share/arucop/package.ps1'
[7.259s] INFO:colcon.colcon_core.shell:Creating package descriptor '/home/hp/MohammedNamir_Final_Test/q1/src/install/arucop/share/arucop/package.dsv'
[7.262s] INFO:colcon.colcon_core.shell:Creating package script '/home/hp/MohammedNamir_Final_Test/q1/src/install/arucop/share/arucop/package.sh'
[7.264s] INFO:colcon.colcon_core.shell:Creating package script '/home/hp/MohammedNamir_Final_Test/q1/src/install/arucop/share/arucop/package.bash'
[7.267s] INFO:colcon.colcon_core.shell:Creating package script '/home/hp/MohammedNamir_Final_Test/q1/src/install/arucop/share/arucop/package.zsh'
[7.270s] Level 1:colcon.colcon_core.environment:create_file_with_runtime_dependencies(/home/hp/MohammedNamir_Final_Test/q1/src/install/arucop/share/colcon-core/packages/arucop)
[7.272s] DEBUG:colcon.colcon_parallel_executor.executor.parallel:closing loop
[7.273s] DEBUG:colcon.colcon_parallel_executor.executor.parallel:loop closed
[7.273s] DEBUG:colcon.colcon_parallel_executor.executor.parallel:run_until_complete finished with '0'
[7.273s] DEBUG:colcon.colcon_core.event_reactor:joining thread
[7.322s] INFO:colcon.colcon_core.plugin_system:Skipping extension 'colcon_notification.desktop_notification.terminal_notifier': Not used on non-Darwin systems
[7.322s] INFO:colcon.colcon_core.plugin_system:Skipping extension 'colcon_notification.desktop_notification.win32': Not used on non-Windows systems
[7.323s] INFO:colcon.colcon_notification.desktop_notification:Sending desktop notification using 'notify2'
[7.531s] DEBUG:colcon.colcon_core.event_reactor:joined thread
[7.532s] INFO:colcon.colcon_core.shell:Creating prefix script '/home/hp/MohammedNamir_Final_Test/q1/src/install/local_setup.ps1'
[7.536s] INFO:colcon.colcon_core.shell:Creating prefix util module '/home/hp/MohammedNamir_Final_Test/q1/src/install/_local_setup_util_ps1.py'
[7.542s] INFO:colcon.colcon_core.shell:Creating prefix chain script '/home/hp/MohammedNamir_Final_Test/q1/src/install/setup.ps1'
[7.547s] INFO:colcon.colcon_core.shell:Creating prefix script '/home/hp/MohammedNamir_Final_Test/q1/src/install/local_setup.sh'
[7.550s] INFO:colcon.colcon_core.shell:Creating prefix util module '/home/hp/MohammedNamir_Final_Test/q1/src/install/_local_setup_util_sh.py'
[7.552s] INFO:colcon.colcon_core.shell:Creating prefix chain script '/home/hp/MohammedNamir_Final_Test/q1/src/install/setup.sh'
[7.556s] INFO:colcon.colcon_core.shell:Creating prefix script '/home/hp/MohammedNamir_Final_Test/q1/src/install/local_setup.bash'
[7.558s] INFO:colcon.colcon_core.shell:Creating prefix chain script '/home/hp/MohammedNamir_Final_Test/q1/src/install/setup.bash'
[7.562s] INFO:colcon.colcon_core.shell:Creating prefix script '/home/hp/MohammedNamir_Final_Test/q1/src/install/local_setup.zsh'
[7.564s] INFO:colcon.colcon_core.shell:Creating prefix chain script '/home/hp/MohammedNamir_Final_Test/q1/src/install/setup.zsh'
