[2.825s] Invoking command in '/home/hp/MohammedNamir_Final_Test/q1/src/arucop': PYTHONPATH=/home/hp/MohammedNamir_Final_Test/q1/src/build/arucop/prefix_override:/usr/lib/python3/dist-packages/colcon_core/task/python/colcon_distutils_commands:/home/hp/MohammedNamir_Final_Test/q1/src/install/arucop/lib/python3.10/site-packages:${PYTHONPATH} /usr/bin/python3 -W ignore:setup.py install is deprecated -W ignore:easy_install command is deprecated setup.py egg_info --egg-base ../build/arucop build --build-base /home/hp/MohammedNamir_Final_Test/q1/src/build/arucop/build install --record /home/hp/MohammedNamir_Final_Test/q1/src/build/arucop/install.log --single-version-externally-managed install_data
[3.877s] running egg_info
[3.879s] creating ../build/arucop/arucop.egg-info
[3.879s] writing ../build/arucop/arucop.egg-info/PKG-INFO
[3.880s] writing dependency_links to ../build/arucop/arucop.egg-info/dependency_links.txt
[3.881s] writing entry points to ../build/arucop/arucop.egg-info/entry_points.txt
[3.881s] writing requirements to ../build/arucop/arucop.egg-info/requires.txt
[3.881s] writing top-level names to ../build/arucop/arucop.egg-info/top_level.txt
[3.882s] writing manifest file '../build/arucop/arucop.egg-info/SOURCES.txt'
[3.887s] reading manifest file '../build/arucop/arucop.egg-info/SOURCES.txt'
[3.889s] writing manifest file '../build/arucop/arucop.egg-info/SOURCES.txt'
[3.890s] running build
[3.890s] running build_py
[3.891s] creating /home/hp/MohammedNamir_Final_Test/q1/src/build/arucop/build
[3.891s] creating /home/hp/MohammedNamir_Final_Test/q1/src/build/arucop/build/lib
[3.891s] creating /home/hp/MohammedNamir_Final_Test/q1/src/build/arucop/build/lib/arucop
[3.892s] copying arucop/__init__.py -> /home/hp/MohammedNamir_Final_Test/q1/src/build/arucop/build/lib/arucop
[3.892s] copying arucop/aruco_follower.py -> /home/hp/MohammedNamir_Final_Test/q1/src/build/arucop/build/lib/arucop
[3.892s] running install
[3.893s] running install_lib
[3.896s] creating /home/hp/MohammedNamir_Final_Test/q1/src/install/arucop/lib/python3.10/site-packages/arucop
[3.896s] copying /home/hp/MohammedNamir_Final_Test/q1/src/build/arucop/build/lib/arucop/__init__.py -> /home/hp/MohammedNamir_Final_Test/q1/src/install/arucop/lib/python3.10/site-packages/arucop
[3.897s] copying /home/hp/MohammedNamir_Final_Test/q1/src/build/arucop/build/lib/arucop/aruco_follower.py -> /home/hp/MohammedNamir_Final_Test/q1/src/install/arucop/lib/python3.10/site-packages/arucop
[3.898s] byte-compiling /home/hp/MohammedNamir_Final_Test/q1/src/install/arucop/lib/python3.10/site-packages/arucop/__init__.py to __init__.cpython-310.pyc
[3.898s] byte-compiling /home/hp/MohammedNamir_Final_Test/q1/src/install/arucop/lib/python3.10/site-packages/arucop/aruco_follower.py to aruco_follower.cpython-310.pyc
[3.902s] running install_data
[3.902s] creating /home/hp/MohammedNamir_Final_Test/q1/src/install/arucop/share/ament_index
[3.903s] creating /home/hp/MohammedNamir_Final_Test/q1/src/install/arucop/share/ament_index/resource_index
[3.903s] creating /home/hp/MohammedNamir_Final_Test/q1/src/install/arucop/share/ament_index/resource_index/packages
[3.903s] copying resource/arucop -> /home/hp/MohammedNamir_Final_Test/q1/src/install/arucop/share/ament_index/resource_index/packages
[3.904s] copying package.xml -> /home/hp/MohammedNamir_Final_Test/q1/src/install/arucop/share/arucop
[3.904s] running install_egg_info
[3.909s] Copying ../build/arucop/arucop.egg-info to /home/hp/MohammedNamir_Final_Test/q1/src/install/arucop/lib/python3.10/site-packages/arucop-0.0.0-py3.10.egg-info
[3.913s] running install_scripts
[3.987s] Installing aruco_follower script to /home/hp/MohammedNamir_Final_Test/q1/src/install/arucop/lib/arucop
[3.988s] writing list of installed files to '/home/hp/MohammedNamir_Final_Test/q1/src/build/arucop/install.log'
[4.061s] Invoked command in '/home/hp/MohammedNamir_Final_Test/q1/src/arucop' returned '0': PYTHONPATH=/home/hp/MohammedNamir_Final_Test/q1/src/build/arucop/prefix_override:/usr/lib/python3/dist-packages/colcon_core/task/python/colcon_distutils_commands:/home/hp/MohammedNamir_Final_Test/q1/src/install/arucop/lib/python3.10/site-packages:${PYTHONPATH} /usr/bin/python3 -W ignore:setup.py install is deprecated -W ignore:easy_install command is deprecated setup.py egg_info --egg-base ../build/arucop build --build-base /home/hp/MohammedNamir_Final_Test/q1/src/build/arucop/build install --record /home/hp/MohammedNamir_Final_Test/q1/src/build/arucop/install.log --single-version-externally-managed install_data
